ID ths_1785947384679_6843 generation log
ths_1785947384679_6843-0.webp: tried q=90 size=272920 bytes from src /home/hatch/workspace/imagine_media/media-generation-technical-academic-diagram-whi-0-ecee7f62-baf3-49ac-b8ee-6c627321d85e.webp
ths_1785947384679_6843-1.webp: tried q=90 size=200396 bytes from src /home/hatch/workspace/imagine_media/media-generation-technical-academic-diagram-whi-0-bc8fc166-00bb-4601-afee-88c61ea1aeb2.webp
ths_1785947384679_6843-2.webp: tried q=90 size=276906 bytes from src /home/hatch/workspace/imagine_media/media-generation-technical-academic-diagram-whi-0-a2457c35-e508-4627-ab11-67279396db26.webp
ths_1785947384679_6843-3.webp: tried q=90 size=351352 bytes from src /home/hatch/workspace/imagine_media/media-generation-technical-academic-diagram-whi-0-18022b86-a9fd-442e-93f8-05d2abedce34.webp
Final images: ['/thesis/ths_1785947384679_6843-0.webp', '/thesis/ths_1785947384679_6843-1.webp', '/thesis/ths_1785947384679_6843-2.webp', '/thesis/ths_1785947384679_6843-3.webp']
ths_1785947384679_6843-0.webp final size 272920
ths_1785947384679_6843-1.webp final size 200396
ths_1785947384679_6843-2.webp final size 276906
ths_1785947384679_6843-3.webp final size 351352

2026-08-05T16:36:34.048050+00:00 ID=ths_1785947615783_c3d4 START 4 prompts
2026-08-05T16:36:34.048050+00:00 ths_1785947615783_c3d4-0 generated size=254276 path=/home/hatch/workspace/post_more/public/thesis/ths_1785947615783_c3d4-0.webp
2026-08-05T16:36:34.048050+00:00 ths_1785947615783_c3d4-1 generated size=204744 path=/home/hatch/workspace/post_more/public/thesis/ths_1785947615783_c3d4-1.webp
2026-08-05T16:36:34.048050+00:00 ths_1785947615783_c3d4-2 generated size=231572 path=/home/hatch/workspace/post_more/public/thesis/ths_1785947615783_c3d4-2.webp
2026-08-05T16:36:34.048050+00:00 ths_1785947615783_c3d4-3 generated size=195124 path=/home/hatch/workspace/post_more/public/thesis/ths_1785947615783_c3d4-3.webp
Final images: ['/thesis/ths_1785947615783_c3d4-0.webp', '/thesis/ths_1785947615783_c3d4-1.webp', '/thesis/ths_1785947615783_c3d4-2.webp', '/thesis/ths_1785947615783_c3d4-3.webp']
ths_1785947615783_c3d4-0.webp final size 254276
ths_1785947615783_c3d4-1.webp final size 204744
ths_1785947615783_c3d4-2.webp final size 231572
ths_1785947615783_c3d4-3.webp final size 195124
2026-08-05T id=ths_1785947614783_a1b2 idx=0 SUCCESS size=277274 src=/home/hatch/workspace/imagine_media/media-generation-technical-academic-diagram-whi-0-ab915cd6-3072-40b1-b7bb-20cc998fdfbf.webp -> dest=/home/hatch/workspace/post_more/public/thesis/ths_1785947614783_a1b2-0.webp <1MB=True
2026-08-05T id=ths_1785947614783_a1b2 idx=2 SUCCESS size=226712 src=/home/hatch/workspace/imagine_media/media-generation-technical-academic-diagram-whi-0-f3210e3c-265e-4572-b316-a44ab9e341e0.webp -> dest=/home/hatch/workspace/post_more/public/thesis/ths_1785947614783_a1b2-2.webp <1MB=True
2026-08-05T id=ths_1785947614783_a1b2 idx=3 SUCCESS size=240208 src=/home/hatch/workspace/imagine_media/media-generation-technical-academic-diagram-whi-0-68982d08-31c1-4ce3-b323-3b161ce8d3f2.webp -> dest=/home/hatch/workspace/post_more/public/thesis/ths_1785947614783_a1b2-3.webp <1MB=True
ths_1785947614783_a1b2-1 SKIPPED upstream_unavailable - no fallback per terminal failure instruction
ID=ths_1785947614783_a1b2 generated 3 images: ['/thesis/ths_1785947614783_a1b2-0.webp', '/thesis/ths_1785947614783_a1b2-2.webp', '/thesis/ths_1785947614783_a1b2-3.webp']
